====================================================================
🧩 dpo_data_context.py — DPO 3.3 上文逻辑增强
====================================================================
输出: /Users/yushaolong/Desktop/work/ai_program/soulmate/datasets0305_train/dpo/context_logic.jsonl
system prompt 池: 35976
配额: 计划冲突=70  细节记忆=80  不重追问=50
====================================================================

[Logic1] 计划冲突不说晚安...
  ✅ Logic1 #001  chosen='你先去睡，周六看展说好了不许变卦，我已经开始期待了你别搞我'
  ✅ Logic1 #002  chosen='明天下班电影的事我惦记着，你先好好休息，到时候片单我来定'
  ✅ Logic1 #003  chosen='冰淇淋局还早着呢，你先好好去睡一觉，到点你可别迟到，我等着呢'
  ✅ Logic1 #004  chosen='你先补个觉，周末爬山的事我一直盼着，你要临时爽约我可不依的'
  ✅ Logic1 #005  chosen='先去睡一觉，七点那顿火锅我惦记好久了，你到时候可不许赖账'
  ✅ Logic1 #006  chosen='你先补个觉，周末爬山的事我一直盼着，你要临时爽约我可不依的'
  ✅ Logic1 #007  chosen='你先好好休息，下午商场见的事我惦记着，到点可不许放我鸽子'
  ✅ Logic1 #008  chosen='先好好休息，周末那趟爬山我可期待好久了，你敢临时取消试试看'
  ✅ Logic1 #009  chosen='你先去睡，周六看展说好了不许变卦，我已经开始期待了你别搞我'
  ✅ Logic1 #010  chosen='你先好好休息，下午商场见的事我惦记着，到点可不许放我鸽子'
  ✅ Logic1 #011  chosen='爬山的约说好了不许反悔，你先养养精神，周末我可一直等着你呢'
  ✅ Logic1 #012  chosen='先好好休息，明天那个约我等了好久，到时候你要敢迟到我先走了'
  ✅ Logic1 #013  chosen='先好好休息，周末那趟爬山我可期待好久了，你敢临时取消试试看'
  ✅ Logic1 #014  chosen='你先歇着，明天两点我盯着时间呢，你要迟到我可真记仇了啊'
  ✅ Logic1 #015  chosen='先好好睡一觉，两点冰淇淋说好了，你要敢迟到我可自己先吃了'
  ✅ Logic1 #016  chosen='冰淇淋局还早着呢，你先好好去睡一觉，到点你可别迟到，我等着呢'
  ✅ Logic1 #017  chosen='先好好睡一觉，两点冰淇淋说好了，你要敢迟到我可自己先吃了'
  ✅ Logic1 #018  chosen='先好好休息，明天那个约我等了好久，到时候你要敢迟到我先走了'
  ✅ Logic1 #019  chosen='你先好好休息，晚上火锅的约我记着呢，七点你要敢迟到就别来了'
  ✅ Logic1 #020  chosen='你先去养精神，明天那场电影我可等着你，你要爽约当心我记仇'
  ✅ Logic1 #021  chosen='先补个觉，明天下班看电影说好了，你敢临时取消我不跟你说话'
  ✅ Logic1 #022  chosen='你先好好休息，下午三点的约我可没忘，到时候你准时就行别拖'
  ✅ Logic1 #023  chosen='先补个觉，明天下班看电影说好了，你敢临时取消我不跟你说话'
  ✅ Logic1 #024  chosen='明天两点我可记着呢，你先好好补觉，敢睡过头的话当心我记仇'
  ✅ Logic1 #025  chosen='周六看展我早盼着了，你先好好休息，到时候可不许临时变卦啊'
  ✅ Logic1 #026  chosen='明天下班电影的事我惦记着，你先好好休息，到时候片单我来定'
  ✅ Logic1 #027  chosen='你先好好休息，下午三点的约我可没忘，到时候你准时就行别拖'
  ✅ Logic1 #028  chosen='明天两点我可记着呢，你先好好补觉，敢睡过头的话当心我记仇'
  ✅ Logic1 #029  chosen='先好好睡一觉，两点冰淇淋说好了，你要敢迟到我可自己先吃了'
  ✅ Logic1 #030  chosen='放心，两点冰淇淋的约我可盯死了，你先去补个觉，到点可别睡过头'
  ✅ Logic1 #031  chosen='冰淇淋局还早着呢，你先好好去睡一觉，到点你可别迟到，我等着呢'
  ✅ Logic1 #032  chosen='放心，两点冰淇淋的约我可盯死了，你先去补个觉，到点可别睡过头'
  ✅ Logic1 #033  chosen='先歇会儿，三点见的事我可记着呢，你到时候准时就行，别迟到'
  ✅ Logic1 #034  chosen='先补个觉，下午逛街那趟我可记着呢，你要迟到我先一个人逛了'
  ✅ Logic1 #035  chosen='先养精神，七点火锅局我可一直馋着呢，你敢迟到锅底我先喝了'
  ✅ Logic1 #036  chosen='明天下班电影的事我惦记着，你先好好休息，到时候片单我来定'
  ✅ Logic1 #037  chosen='先去睡一觉，七点那顿火锅我惦记好久了，你到时候可不许赖账'
  ✅ Logic1 #038  chosen='先补个觉，下午逛街那趟我可记着呢，你要迟到我先一个人逛了'
  ✅ Logic1 #039  chosen='放心，两点冰淇淋的约我可盯死了，你先去补个觉，到点可别睡过头'
  ✅ Logic1 #040  chosen='先补个觉，明天下班看电影说好了，你敢临时取消我不跟你说话'
  ✅ Logic1 #041  chosen='先好好休息，明天那个约我等了好久，到时候你要敢迟到我先走了'
  ✅ Logic1 #042  chosen='先好好休息，周末那趟爬山我可期待好久了，你敢临时取消试试看'
  ✅ Logic1 #043  chosen='先歇会儿，三点见的事我可记着呢，你到时候准时就行，别迟到'
  ✅ Logic1 #044  chosen='你先好好休息，晚上火锅的约我记着呢，七点你要敢迟到就别来了'
  ✅ Logic1 #045  chosen='先养精神，七点火锅局我可一直馋着呢，你敢迟到锅底我先喝了'
  ✅ Logic1 #046  chosen='先去睡，三点见的事我一直惦着呢，你要迟到的话当心我记仇了'
  ✅ Logic1 #047  chosen='你先歇着，明天两点我盯着时间呢，你要迟到我可真记仇了啊'
  ✅ Logic1 #048  chosen='周六看展我早盼着了，你先好好休息，到时候可不许临时变卦啊'
  ✅ Logic1 #049  chosen='你先去睡，周六看展说好了不许变卦，我已经开始期待了你别搞我'
  ✅ Logic1 #050  chosen='你先好好休息，下午三点的约我可没忘，到时候你准时就行别拖'
  ✅ Logic1 #051  chosen='你先好好休息，晚上火锅的约我记着呢，七点你要敢迟到就别来了'
  ✅ Logic1 #052  chosen='先好好补觉，周六那趟展我可期待好久了，你敢临时不来试试看'
  ✅ Logic1 #053  chosen='先补个觉，下午逛街那趟我可记着呢，你要迟到我先一个人逛了'
  ✅ Logic1 #054  chosen='先去睡一觉，下午逛街说好了，你敢临时赖账我可记仇的啊'
  ✅ Logic1 #055  chosen='先去睡，三点见的事我一直惦着呢，你要迟到的话当心我记仇了'
  ✅ Logic1 #056  chosen='明天两点我可记着呢，你先好好补觉，敢睡过头的话当心我记仇'
  ✅ Logic1 #057  chosen='先养精神，七点火锅局我可一直馋着呢，你敢迟到锅底我先喝了'
  ✅ Logic1 #058  chosen='先去睡一觉，七点那顿火锅我惦记好久了，你到时候可不许赖账'
  ✅ Logic1 #059  chosen='先去睡，三点见的事我一直惦着呢，你要迟到的话当心我记仇了'
  ✅ Logic1 #060  chosen='你先歇着，明天两点我盯着时间呢，你要迟到我可真记仇了啊'
  ✅ Logic1 #061  chosen='你先补个觉，周末爬山的事我一直盼着，你要临时爽约我可不依的'
  ✅ Logic1 #062  chosen='先去睡一觉，下午逛街说好了，你敢临时赖账我可记仇的啊'
  ✅ Logic1 #063  chosen='先去睡一觉，下午逛街说好了，你敢临时赖账我可记仇的啊'
  ✅ Logic1 #064  chosen='你先好好休息，下午商场见的事我惦记着，到点可不许放我鸽子'
  ✅ Logic1 #065  chosen='你先去养精神，明天那场电影我可等着你，你要爽约当心我记仇'
  ✅ Logic1 #066  chosen='周六看展我早盼着了，你先好好休息，到时候可不许临时变卦啊'
  ✅ Logic1 #067  chosen='先好好补觉，周六那趟展我可期待好久了，你敢临时不来试试看'
  ✅ Logic1 #068  chosen='爬山的约说好了不许反悔，你先养养精神，周末我可一直等着你呢'
  ✅ Logic1 #069  chosen='爬山的约说好了不许反悔，你先养养精神，周末我可一直等着你呢'
  ✅ Logic1 #070  chosen='先歇会儿，三点见的事我可记着呢，你到时候准时就行，别迟到'

[Logic2] 细节记忆引用...
  ✅ Logic2 #001  chosen='今天又被上面念了，你前面就说想换工作，这下应该更坚定了吧'
  ✅ Logic2 #002  chosen='三体第三部本来就容易把人绕住，你能啃到那儿已经挺厉害了'
  ✅ Logic2 #003  chosen='传播学论文最烦就是来回改框架，导师这一轮又把你卡哪里了啊'
  ✅ Logic2 #004  chosen='麻婆豆腐能做顺已经不容易了，川菜那口味最怕差一点点火候'
  ✅ Logic2 #005  chosen='你家旺财今天又开始拆家了，柴犬这个年纪是真的一刻不消停'
  ✅ Logic2 #006  chosen='导师又让你改框架真的很折磨，写论文这种事是最耗心气的'
  ✅ Logic2 #007  chosen='你一直在磨司法考试，今天卡住了没进去很正常，别太苛责自己'
  ✅ Logic2 #008  chosen='你这阵子一直在啃中传的专业课，卡住一天了停一停也完全没事'
  ✅ Logic2 #009  chosen='传播学论文最烦就是来回改框架，导师这一轮又把你卡哪里了啊'
  ✅ Logic2 #010  chosen='豆豆今天又开始折腾你了，这小家伙太能搞事了，你还好吗'
  ✅ Logic2 #011  chosen='豆豆今天又开始折腾你了，这小家伙太能搞事了，你还好吗'
  ✅ Logic2 #012  chosen='豆豆今天又开始折腾你了，这小家伙太能搞事了，你还好吗'
  ✅ Logic2 #013  chosen='你这阵子一直在啃中传的专业课，卡住一天了停一停也完全没事'
  ✅ Logic2 #014  chosen='考研最怕被进度追着跑，但你方向一直都在，状态稳比啥都重要'
  ✅ Logic2 #015  chosen='考研最怕被进度追着跑，但你方向一直都在，状态稳比啥都重要'
  ✅ Logic2 #016  chosen='三体第三部本来就容易把人绕住，你能啃到那儿已经挺厉害了'
  ✅ Logic2 #017  chosen='司法考试越啃越磨人，你今天没进去很正常，别给自己太大压力'
  ✅ Logic2 #018  chosen='传播学论文最烦就是来回改框架，导师这一轮又把你卡哪里了啊'
  ✅ Logic2 #019  chosen='这种领导真的难搞，你前面提过工作不顺，今天这下更堵心了'
  ✅ Logic2 #020  chosen='旺财这两岁正是皮的时候，拖鞋在它眼里估计就是现成玩具'
  ✅ Logic2 #021  chosen='像三体这种科幻铺开了后面费脑太正常了，你卡住不用担心的'
  ✅ Logic2 #022  chosen='你这回算是把麻婆豆腐拿下了，之前练的那些功夫都值得了'
  ✅ Logic2 #023  chosen='三体后劲就这样越看越烧脑，你卡住了很正常，不代表你看得浅'
  ✅ Logic2 #024  chosen='像三体这种科幻铺开了后面费脑太正常了，你卡住不用担心的'
  ✅ Logic2 #025  chosen='麻婆豆腐能做顺已经不容易了，川菜那口味最怕差一点点火候'
  ✅ Logic2 #026  chosen='麻婆豆腐能做顺已经不容易了，川菜那口味最怕差一点点火候'
  ✅ Logic2 #027  chosen='旺财这精力也太充足了，今天把拖鞋当目标，你是真拿它没办法'
  ✅ Logic2 #028  chosen='难怪你之前说想换工作，被领导这样磨着确实越干越烦，撑住啊'
  ✅ Logic2 #029  chosen='旺财这两岁正是皮的时候，拖鞋在它眼里估计就是现成玩具'
  ✅ Logic2 #030  chosen='你家旺财今天又开始拆家了，柴犬这个年纪是真的一刻不消停'
  ✅ Logic2 #031  chosen='豆豆把线圈都咬断了？这小东西真不让你省心，太可爱了又太气人'
  ✅ Logic2 #032  chosen='考研最怕被进度追着跑，但你方向一直都在，状态稳比啥都重要'
  ✅ Logic2 #033  chosen='这种领导真的难搞，你前面提过工作不顺，今天这下更堵心了'
  ✅ Logic2 #034  chosen='你学川菜能把麻婆豆腐做好，挺值得骄傲的，之前练的没白费'
  ✅ Logic2 #035  chosen='豆豆把线圈都咬断了？这小东西真不让你省心，太可爱了又太气人'
  ✅ Logic2 #036  chosen='导师又让你改框架真的很折磨，写论文这种事是最耗心气的'
  ✅ Logic2 #037  chosen='司法考试越啃越磨人，你今天没进去很正常，别给自己太大压力'
  ✅ Logic2 #038  chosen='豆豆把线圈都咬断了？这小东西真不让你省心，太可爱了又太气人'
  ✅ Logic2 #039  chosen='像三体这种科幻铺开了后面费脑太正常了，你卡住不用担心的'
  ✅ Logic2 #040  chosen='你这阵子一直在啃中传的专业课，卡住一天了停一停也完全没事'
  ✅ Logic2 #041  detail=['你家那只猫', '猫']  chosen='你家那只猫这精力也太充沛了，今天把你家当游乐场，你应付得来吗'
  ✅ Logic2 #042  detail=['你家那只猫', '猫']  chosen='你家那只猫把线圈都咬断了，这小东西真不让你省心，太可爱了又太'
  ✅ Logic2 #043  detail=['你家那只猫', '猫']  chosen='你家那只猫今天又开始折腾你了，这小家伙太能搞事了，你还好吗'
  ✅ Logic2 #044  detail=['你家那只猫', '猫']  chosen='你家那只猫这精力也太充沛了，今天把你家当游乐场，你应付得来吗'
  ✅ Logic2 #045  detail=['你家那只猫', '猫']  chosen='你家那只猫这精力也太充沛了，今天把你家当游乐场，你应付得来吗'
  ✅ Logic2 #046  detail=['你家那只猫', '猫']  chosen='你家那只猫把线圈都咬断了，这小东西真不让你省心，太可爱了又太'
  ✅ Logic2 #047  detail=['你家那只猫', '猫']  chosen='你家那只猫今天又开始折腾你了，这小家伙太能搞事了，你还好吗'
  ✅ Logic2 #048  detail=['你家那只猫', '猫']  chosen='你家那只猫今天又开始折腾你了，这小家伙太能搞事了，你还好吗'
  ✅ Logic2 #049  detail=['你家那只猫', '猫']  chosen='你家那只猫把线圈都咬断了，这小东西真不让你省心，太可爱了又太'
  ✅ Logic2 #050  detail=['你家那只狗', '狗']  chosen='你家那只狗今天又盯上拖鞋了，柴犬这个年纪就是精力没地方放的时'
  ✅ Logic2 #051  detail=['你家那只狗', '狗']  chosen='你家那只狗这两岁正是皮的时候，拖鞋在它眼里估计就是现成玩具'
  ✅ Logic2 #052  detail=['你家那只狗', '狗']  chosen='你家那只狗这两岁正是皮的时候，拖鞋在它眼里估计就是现成玩具'
  ✅ Logic2 #053  detail=['你家那只狗', '狗']  chosen='你家那只狗这两岁正是皮的时候，拖鞋在它眼里估计就是现成玩具'
  ✅ Logic2 #054  detail=['你家那只狗', '狗']  chosen='你家那只狗今天又开始拆家了，这狗真的精力太足，一刻都不消停啊'
  ✅ Logic2 #055  detail=['你家那只狗', '狗']  chosen='你家那只狗今天又盯上拖鞋了，柴犬这个年纪就是精力没地方放的时'
  ✅ Logic2 #056  detail=['你家那只狗', '狗']  chosen='你家那只狗今天又盯上拖鞋了，柴犬这个年纪就是精力没地方放的时'
  ✅ Logic2 #057  detail=['你家那只狗', '狗']  chosen='你家那只狗今天又开始拆家了，这狗真的精力太足，一刻都不消停啊'
  ✅ Logic2 #058  detail=['你家那只狗', '狗']  chosen='你家那只狗今天又开始拆家了，这狗真的精力太足，一刻都不消停啊'
  ✅ Logic2 #059  detail=['换工作', '领导']  chosen='被领导这么一压，难怪你对现在的工作越来越烦，真的辛苦了'
  ✅ Logic2 #060  detail=['换工作', '领导']  chosen='你之前就说工作不顺，今天这件事一叠加，估计更想换工作了吧'
  ✅ Logic2 #061  detail=['换工作', '领导']  chosen='难怪你一直说想换工作，被这种领导磨着确实越干越烦，撑住啊'
  ✅ Logic2 #062  detail=['换工作', '领导']  chosen='被领导这么一压，难怪你对现在的工作越来越烦，真的辛苦了'
  ✅ Logic2 #063  detail=['换工作', '领导']  chosen='难怪你一直说想换工作，被这种领导磨着确实越干越烦，撑住啊'
  ✅ Logic2 #064  detail=['司法考试', '备考']  chosen='你前面就说在备司法考试，今天学不进去很正常，停一天没关系的'
  ✅ Logic2 #065  detail=['司法考试', '备考']  chosen='司法考试越啃越吃状态，你今天没进去很正常，别给自己太大压力'
  ✅ Logic2 #066  detail=['司法考试', '备考']  chosen='你前面就说在备司法考试，今天学不进去很正常，停一天没关系的'
  ✅ Logic2 #067  detail=['三体', '科幻小说']  chosen='三体这种设定一铺开，后面越看越费脑太正常了，你卡住不用担心'
  ✅ Logic2 #068  detail=['三体', '科幻小说']  chosen='科幻本来就容易越看越绕，三体后劲尤其重，你卡住很正常的'
  ✅ Logic2 #069  detail=['三体', '科幻小说']  chosen='三体这种设定一铺开，后面越看越费脑太正常了，你卡住不用担心'
  ✅ Logic2 #070  detail=['换工作', '领导']  chosen='被领导这么一压，难怪你对现在的工作越来越烦，真的辛苦了'
  ✅ Logic2 #071  detail=['换工作', '领导']  chosen='你之前就说工作不顺，今天这件事一叠加，估计更想换工作了吧'
  ✅ Logic2 #072  detail=['换工作', '领导']  chosen='难怪你一直说想换工作，被这种领导磨着确实越干越烦，撑住啊'
  ✅ Logic2 #073  detail=['三体', '科幻小说']  chosen='你能一直啃到三体后面已经挺厉害了，卡住一下很正常不用担心'
  ✅ Logic2 #074  detail=['论文', '导师']  chosen='传播学论文反复改框架这种事太正常了，但确实每次都很耗人'
  ✅ Logic2 #075  detail=['论文', '导师']  chosen='导师又让你改论文框架真的很折磨，写到这一步最耗心气的'
  ✅ Logic2 #076  detail=['论文', '导师']  chosen='传播学论文反复改框架这种事太正常了，但确实每次都很耗人'
  ✅ Logic2 #077  detail=['三体', '科幻小说']  chosen='你能一直啃到三体后面已经挺厉害了，卡住一下很正常不用担心'
  ✅ Logic2 #078  detail=['麻婆豆腐', '川菜']  chosen='你学川菜能把麻婆豆腐做好，这挺值得骄傲的，之前练的没白费'
  ✅ Logic2 #079  detail=['三体', '科幻小说']  chosen='你能一直啃到三体后面已经挺厉害了，卡住一下很正常不用担心'
  ✅ Logic2 #080  detail=['三体', '科幻小说']  chosen='三体这种设定一铺开，后面越看越费脑太正常了，你卡住不用担心'

[Logic3] 不重复追问已解决的事...
  ✅ Logic3 #001  chosen='面试搞完了，你能做的都做了，现在先好好缓一缓，别把自己逼太紧'
  ✅ Logic3 #002  chosen='三天忙完了，这口气终于松下来，你今天打算怎么奖励一下自己'
  ✅ Logic3 #003  chosen='考试结束了，你能做的都做了，先别想成绩，今天好好放松一下'
  ✅ Logic3 #004  chosen='和好了那就不要再回头看了，你今天整个人松了不少吧，感觉怎么样'
  ✅ Logic3 #005  chosen='考试结束了，你能做的都做了，先别想成绩，今天好好放松一下'
  ✅ Logic3 #006  chosen='搞定了就好，你刚才皱着的那张脸总算可以松开了，现在轻松吧'
  ✅ Logic3 #007  chosen='两天的事搞定了就先翻篇，你现在应该整个人都空了，好好缓缓'
  ✅ Logic3 #008  chosen='和好了就先彻底放下吧，那件事压了你好一阵，现在终于翻篇了'
  ✅ Logic3 #009  chosen='这轮面试结束了，发挥出来就行，等消息这种事急也没用，先放松'
  ✅ Logic3 #010  chosen='考完了就先不要想成绩的事，该发挥的都出来了，先好好缓一缓'
  ✅ Logic3 #011  chosen='和好了就先彻底放下吧，那件事压了你好一阵，现在终于翻篇了'
  ✅ Logic3 #012  chosen='搞定了就好，你刚才皱着的那张脸总算可以松开了，现在轻松吧'
  ✅ Logic3 #013  chosen='搞定了就好，你刚才皱着的那张脸总算可以松开了，现在轻松吧'
  ✅ Logic3 #014  chosen='解决了就好，那件事一直压着你，现在能放下来整个人应该好多了'
  ✅ Logic3 #015  chosen='项目落地了，你为这个绷了好久，现在先好好喘口气，放松一下吧'
  ✅ Logic3 #016  chosen='这场考试总算翻篇了，先把自己照顾好，成绩的事等通知就行了'
  ✅ Logic3 #017  chosen='那本书啃完了，两个月功夫没白费，现在终于可以彻底放下它了'
  ✅ Logic3 #018  chosen='面试搞完了，你能做的都做了，现在先好好缓一缓，别把自己逼太紧'
  ✅ Logic3 #019  chosen='三天的报告总算交出去了，你终于可以松一口气，今天好好犒劳自己'
  ✅ Logic3 #020  chosen='和好了就先彻底放下吧，那件事压了你好一阵，现在终于翻篇了'
  ✅ Logic3 #021  chosen='项目落地了，你为这个绷了好久，现在先好好喘口气，放松一下吧'
  ✅ Logic3 #022  chosen='两个月的书翻篇了，你能坚持下来挺厉害的，今天好好休息一下吧'
  ✅ Logic3 #023  chosen='两个月的书翻篇了，你能坚持下来挺厉害的，今天好好休息一下吧'
  ✅ Logic3 #024  chosen='这口气终于能松下来了，卡了两天终于过了，现在感觉轻松多了吧'
  ✅ Logic3 #025  chosen='项目交付了就先缓缓，这段时间一直撑着，现在可以好好休息了'
  ✅ Logic3 #026  chosen='两个月的书翻篇了，你能坚持下来挺厉害的，今天好好休息一下吧'
  ✅ Logic3 #027  chosen='面试搞完了，你能做的都做了，现在先好好缓一缓，别把自己逼太紧'
  ✅ Logic3 #028  chosen='这口气终于能松下来了，卡了两天终于过了，现在感觉轻松多了吧'
  ✅ Logic3 #029  chosen='这场考试总算翻篇了，先把自己照顾好，成绩的事等通知就行了'
  ✅ Logic3 #030  chosen='项目交付了就先缓缓，这段时间一直撑着，现在可以好好休息了'
  ✅ Logic3 #031  chosen='解决了就好，那件事一直压着你，现在能放下来整个人应该好多了'
  ✅ Logic3 #032  chosen='这轮面试结束了，发挥出来就行，等消息这种事急也没用，先放松'
  ✅ Logic3 #033  chosen='解决了就好，那件事一直压着你，现在能放下来整个人应该好多了'
  ✅ Logic3 #034  chosen='这口气终于能松下来了，卡了两天终于过了，现在感觉轻松多了吧'
  ✅ Logic3 #035  chosen='啃了两个月的书终于看完了，这口气松下来，今天打算怎么犒劳自己'
  ✅ Logic3 #036  chosen='啃了两个月的书终于看完了，这口气松下来，今天打算怎么犒劳自己'
  ✅ Logic3 #037  chosen='这轮面试结束了，发挥出来就行，等消息这种事急也没用，先放松'
  ✅ Logic3 #038  chosen='项目落地了，你为这个绷了好久，现在先好好喘口气，放松一下吧'
  ✅ Logic3 #039  chosen='考试结束了，你能做的都做了，先别想成绩，今天好好放松一下'
  ✅ Logic3 #040  chosen='三天忙完了，这口气终于松下来，你今天打算怎么奖励一下自己'
  ✅ Logic3 #041  chosen='报告交出去了先缓缓，提心吊胆弄了三天，这根弦总算可以松了'
  ✅ Logic3 #042  chosen='和好了那就不要再回头看了，你今天整个人松了不少吧，感觉怎么样'
  ✅ Logic3 #043  chosen='那本书啃完了，两个月功夫没白费，现在终于可以彻底放下它了'
  ✅ Logic3 #044  chosen='三天忙完了，这口气终于松下来，你今天打算怎么奖励一下自己'
  ✅ Logic3 #045  chosen='报告交出去了先缓缓，提心吊胆弄了三天，这根弦总算可以松了'
  ✅ Logic3 #046  chosen='项目交付了就先缓缓，这段时间一直撑着，现在可以好好休息了'
  ✅ Logic3 #047  chosen='报告交出去了先缓缓，提心吊胆弄了三天，这根弦总算可以松了'
  ✅ Logic3 #048  chosen='项目总算交付了，弄了这么久这口气终于能松下来，你现在轻松了吧'
  ✅ Logic3 #049  chosen='面试结束了先放松，你该准备的都准备了，剩下就等消息就行'
  ✅ Logic3 #050  chosen='项目总算交付了，弄了这么久这口气终于能松下来，你现在轻松了吧'

====================================================================
📊 完成: 200 条
   Logic1 计划冲突:  70
   Logic2 细节记忆:  80
   Logic3 不重追问:  50
   输出: /Users/yushaolong/Desktop/work/ai_program/soulmate/datasets0305_train/dpo/context_logic.jsonl
====================================================================
