Every 3.0s: nvidia-smi                                                                      agent-gpu-2L20-1: Fri Feb 27 11:39:42 2026

Fri Feb 27 11:39:42 2026
+-----------------------------------------------------------------------------------------+
| NVIDIA-SMI 555.42.02              Driver Version: 555.42.02      CUDA Version: 12.5     |
|-----------------------------------------+------------------------+----------------------+
| GPU  Name                 Persistence-M | Bus-Id          Disp.A | Volatile Uncorr. ECC |
| Fan  Temp   Perf          Pwr:Usage/Cap |           Memory-Usage | GPU-Util  Compute M. |
|                                         |                        |               MIG M. |
|=========================================+========================+======================|
|   0  NVIDIA L20                     On  |   00000000:00:03.0 Off |                  Off |
| N/A   61C    P0            312W /  350W |   45749MiB /  49140MiB |     98%      Default |
|                                         |                        |                  N/A |
+-----------------------------------------+------------------------+----------------------+
|   1  NVIDIA L20                     On  |   00000000:00:04.0 Off |                    0 |
| N/A   25C    P8             24W /  350W |       4MiB /  46068MiB |      0%      Default |
|                                         |                        |                  N/A |
+-----------------------------------------+------------------------+----------------------+

+-----------------------------------------------------------------------------------------+
| Processes:                                                                              |
|  GPU   GI   CI        PID   Type   Process name                              GPU Memory |
|        ID   ID                                                               Usage      |
|=========================================================================================|
|    0   N/A  N/A   1455297      C   python                                      48064MiB |
+-----------------------------------------------------------------------------------------+