nvidia-smi
Wed Mar  4 10:11:18 2026
+-----------------------------------------------------------------------------------------+
| NVIDIA-SMI 555.42.02              Driver Version: 555.42.02      CUDA Version: 12.5     |
|-----------------------------------------+------------------------+----------------------+
| GPU  Name                 Persistence-M | Bus-Id          Disp.A | Volatile Uncorr. ECC |
| Fan  Temp   Perf          Pwr:Usage/Cap |           Memory-Usage | GPU-Util  Compute M. |
|                                         |                        |               MIG M. |
|=========================================+========================+======================|
|   0  NVIDIA L20                     On  |   00000000:00:03.0 Off |                  Off |
| N/A   63C    P0            252W /  350W |   47025MiB /  49140MiB |    100%      Default |
|                                         |                        |                  N/A |
+-----------------------------------------+------------------------+----------------------+
|   1  NVIDIA L20                     On  |   00000000:00:04.0 Off |                    0 |
| N/A   63C    P0            337W /  350W |   43725MiB /  46068MiB |    100%      Default |
|                                         |                        |                  N/A |
+-----------------------------------------+------------------------+----------------------+

+-----------------------------------------------------------------------------------------+
| Processes:                                                                              |
|  GPU   GI   CI        PID   Type   Process name                              GPU Memory |
|        ID   ID                                                               Usage      |
|=========================================================================================|
|    0   N/A  N/A    683345      C   ...rogram/soulmate/venv/bin/python3.11      47016MiB |
|    1   N/A  N/A    683346      C   ...rogram/soulmate/venv/bin/python3.11      43716MiB |
+-----------------------------------------------------------------------------------------+