Every 3.0s: nvidia-smi                                                                      agent-gpu-2L20-1: Fri Feb 27 17:34:40 2026

Fri Feb 27 17:34:40 2026
+-----------------------------------------------------------------------------------------+
| NVIDIA-SMI 555.42.02              Driver Version: 555.42.02      CUDA Version: 12.5     |
|-----------------------------------------+------------------------+----------------------+
| GPU  Name                 Persistence-M | Bus-Id          Disp.A | Volatile Uncorr. ECC |
| Fan  Temp   Perf          Pwr:Usage/Cap |           Memory-Usage | GPU-Util  Compute M. |
|                                         |                        |               MIG M. |
|=========================================+========================+======================|
|   0  NVIDIA L20                     On  |   00000000:00:03.0 Off |                  Off |
| N/A   63C    P0            342W /  350W |   44179MiB /  49140MiB |    100%      Default |
|                                         |                        |                  N/A |
+-----------------------------------------+------------------------+----------------------+
|   1  NVIDIA L20                     On  |   00000000:00:04.0 Off |                    0 |
| N/A   64C    P0            357W /  350W |   38211MiB /  46068MiB |    100%      Default |
|                                         |                        |                  N/A |
+-----------------------------------------+------------------------+----------------------+

+-----------------------------------------------------------------------------------------+
| Processes:                                                                              |
|  GPU   GI   CI        PID   Type   Process name                              GPU Memory |
|        ID   ID                                                               Usage      |
|=========================================================================================|
|    0   N/A  N/A   2274175      C   ...rogram/soulmate/venv/bin/python3.11      44170MiB |
|    1   N/A  N/A   2274176      C   ...rogram/soulmate/venv/bin/python3.11      38202MiB |
+-----------------------------------------------------------------------------------------+